// Jest Snapshot v1, https://goo.gl/fbAQLP

exports[`should render a desktop employee panel 1`] = `"<SearchResult headerLeft={{...}} body={{...}} />"`;

exports[`should render a mobile employee panel 1`] = `"<SearchResult headerLeft={{...}} body={{...}} />"`;
