// Jest Snapshot v1, https://goo.gl/fbAQLP

exports[`should render a section 1`] = `
"<QueryParamProvider>
  <LocationProvider stringifyOptions={[undefined]} history={{...}} location={{...}}>
    <Results>
      <div>
        <Header router={{...}} title=\\"Search NEU - cs\\" searchData={[undefined]} termAndCampusToURL={[Function: termAndCampusToURL]} userInfo={{...}} onSignOut={[Function: onSignOut]}>
          <div>
            <Head>
              <_default reduceComponentsToState={[Function: reduceComponents]} headManager={{...}} inAmpMode={false} />
            </Head>
            <div className=\\"Results_Header Results_Header-top\\">
              <Link href=\\"/NEU/202160\\">
                <a className=\\"Results__Logo--wrapper\\" onClick={[Function: onClick]} onMouseEnter={[Function (anonymous)]} href=\\"/NEU/202160\\">
                  <Logo className=\\"Results__Logo\\" aria-label=\\"logo\\" campus=\\"NEU\\">
                    <svg viewBox=\\"0 0 526 113\\" fill=\\"none\\" xmlns=\\"http://www.w3.org/2000/svg\\" className=\\"Results__Logo\\">
                      <path d=\\"M27.7865 89.7194C23.0505 89.7194 18.4644 89 14.0282 87.5612C9.65185 86.0625 6.20476 84.1441 3.68689 81.8061L7.01408 74.792C9.41205 76.9502 12.4695 78.7187 16.1863 80.0975C19.9631 81.4164 23.8299 82.0758 27.7865 82.0758C33.0021 82.0758 36.8988 81.2066 39.4767 79.4681C42.0545 77.6696 43.3434 75.3016 43.3434 72.3641C43.3434 70.2059 42.624 68.4673 41.1852 67.1485C39.8064 65.7696 38.0678 64.7205 35.9696 64.0011C33.9313 63.2817 31.0238 62.4724 27.247 61.5732C22.511 60.4341 18.6742 59.2951 15.7367 58.156C12.8591 57.017 10.3712 55.2785 8.27301 52.9405C6.23473 50.5425 5.2156 47.3352 5.2156 43.3186C5.2156 39.9614 6.08486 36.934 7.82339 34.2363C9.62187 31.5385 12.3196 29.3804 15.9166 27.7617C19.5135 26.1431 23.9797 25.3338 29.3152 25.3338C33.0321 25.3338 36.689 25.8134 40.286 26.7726C43.8829 27.7317 46.9703 29.1106 49.5482 30.9091L46.5807 38.103C43.9429 36.4244 41.1253 35.1655 38.1278 34.3262C35.1303 33.4269 32.1928 32.9773 29.3152 32.9773C24.2195 32.9773 20.3828 33.9065 17.805 35.765C15.2871 37.6234 14.0282 40.0214 14.0282 42.9589C14.0282 45.1171 14.7475 46.8856 16.1863 48.2644C17.6251 49.5833 19.3936 50.6324 21.4918 51.4117C23.65 52.1311 26.5576 52.9105 30.2145 53.7498C34.9505 54.8888 38.7573 56.0278 41.6348 57.1669C44.5124 58.3059 46.9703 60.0445 49.0086 62.3825C51.1068 64.7205 52.156 67.8678 52.156 71.8245C52.156 75.1217 51.2567 78.1492 49.4582 80.9068C47.6597 83.6046 44.9321 85.7627 41.2751 87.3814C37.6182 88.9401 33.122 89.7194 27.7865 89.7194ZM85.5262 81.9859C91.2214 81.9859 95.8075 80.0675 99.2846 76.2308L103.961 81.8061C101.862 84.3239 99.1947 86.2423 95.9574 87.5612C92.7801 88.8801 89.2131 89.5395 85.2564 89.5395C80.2207 89.5395 75.7545 88.5204 71.8577 86.4821C67.961 84.3839 64.9336 81.4764 62.7754 77.7595C60.6772 74.0426 59.6281 69.8462 59.6281 65.1701C59.6281 60.554 60.6472 56.3875 62.6855 52.6707C64.7837 48.9538 67.6313 46.0763 71.2283 44.038C74.8852 41.9397 78.9917 40.8906 83.5479 40.8906C87.8642 40.8906 91.7909 41.8798 95.3279 43.8581C98.8649 45.7765 101.683 48.5042 103.781 52.0412C105.879 55.5782 106.958 59.6548 107.018 64.2709L69.16 71.6447C70.359 74.9419 72.3673 77.4897 75.1849 79.2882C78.0625 81.0867 81.5096 81.9859 85.5262 81.9859ZM83.5479 48.1745C80.5504 48.1745 77.8527 48.8639 75.4547 50.2427C73.1167 51.6216 71.2882 53.5699 69.9693 56.0878C68.6505 58.5457 67.991 61.4233 67.991 64.7205V65.6197L98.4753 59.8646C97.6959 56.3875 95.9574 53.5699 93.2597 51.4117C90.5619 49.2536 87.3247 48.1745 83.5479 48.1745ZM164.057 41.3403V89H155.784V81.4464C153.866 84.0842 151.438 86.0925 148.5 87.4713C145.563 88.8501 142.326 89.5395 138.789 89.5395C134.173 89.5395 130.036 88.5204 126.379 86.4821C122.722 84.4438 119.845 81.5963 117.746 77.9393C115.708 74.2225 114.689 69.9661 114.689 65.1701C114.689 60.3742 115.708 56.1477 117.746 52.4908C119.845 48.8339 122.722 45.9863 126.379 43.948C130.036 41.9098 134.173 40.8906 138.789 40.8906C142.206 40.8906 145.353 41.5501 148.231 42.869C151.108 44.1279 153.506 46.0163 155.425 48.5342V41.3403H164.057ZM139.508 81.9859C142.506 81.9859 145.233 81.2965 147.691 79.9177C150.149 78.4789 152.067 76.5006 153.446 73.9827C154.825 71.4049 155.515 68.4673 155.515 65.1701C155.515 61.8729 154.825 58.9654 153.446 56.4475C152.067 53.8697 150.149 51.8913 147.691 50.5125C145.233 49.1337 142.506 48.4443 139.508 48.4443C136.451 48.4443 133.693 49.1337 131.235 50.5125C128.837 51.8913 126.919 53.8697 125.48 56.4475C124.101 58.9654 123.412 61.8729 123.412 65.1701C123.412 68.4673 124.101 71.4049 125.48 73.9827C126.919 76.5006 128.837 78.4789 131.235 79.9177C133.693 81.2965 136.451 81.9859 139.508 81.9859ZM188.664 49.3435C190.163 46.5858 192.381 44.4876 195.319 43.0488C198.256 41.61 201.823 40.8906 206.02 40.8906V49.2536C205.54 49.1936 204.88 49.1636 204.041 49.1636C199.365 49.1636 195.678 50.5725 192.981 53.3901C190.343 56.1477 189.024 60.1044 189.024 65.2601V89H180.391V41.3403H188.664V49.3435ZM236.993 89.5395C232.137 89.5395 227.791 88.4904 223.954 86.3922C220.177 84.294 217.209 81.4164 215.051 77.7595C212.893 74.0426 211.814 69.8462 211.814 65.1701C211.814 60.4941 212.893 56.3276 215.051 52.6707C217.209 48.9538 220.177 46.0763 223.954 44.038C227.791 41.9397 232.137 40.8906 236.993 40.8906C241.309 40.8906 245.146 41.7599 248.503 43.4984C251.92 45.237 254.558 47.7548 256.416 51.052L249.852 55.2785C248.353 53.0004 246.495 51.2918 244.277 50.1528C242.058 49.0138 239.601 48.4443 236.903 48.4443C233.785 48.4443 230.968 49.1337 228.45 50.5125C225.992 51.8913 224.044 53.8697 222.605 56.4475C221.226 58.9654 220.537 61.8729 220.537 65.1701C220.537 68.5273 221.226 71.4948 222.605 74.0726C224.044 76.5905 225.992 78.5388 228.45 79.9177C230.968 81.2965 233.785 81.9859 236.903 81.9859C239.601 81.9859 242.058 81.4164 244.277 80.2774C246.495 79.1383 248.353 77.4298 249.852 75.1517L256.416 79.2882C254.558 82.5854 251.92 85.1333 248.503 86.9317C245.146 88.6703 241.309 89.5395 236.993 89.5395ZM292.427 40.8906C298.482 40.8906 303.278 42.6591 306.815 46.1962C310.412 49.6732 312.21 54.7989 312.21 61.5732V89H303.577V62.5623C303.577 57.9462 302.468 54.4692 300.25 52.1311C298.032 49.7931 294.855 48.6241 290.718 48.6241C286.042 48.6241 282.355 50.0029 279.657 52.7606C276.96 55.4583 275.611 59.355 275.611 64.4507V89H266.978V22.2764H275.611V48.0846C277.409 45.8065 279.747 44.038 282.625 42.779C285.562 41.5201 288.83 40.8906 292.427 40.8906Z\\" fill=\\"#E63946\\" />
                      <path d=\\"M383.886 23.4903V89H375.972C374.803 89 373.814 88.8202 373.005 88.4605C372.226 88.0708 371.446 87.4113 370.667 86.4821L339.778 47.4101C339.898 48.5791 339.973 49.7182 340.003 50.8272C340.063 51.9063 340.093 52.9255 340.093 53.8847V89H326.694V23.4903H334.697C335.357 23.4903 335.911 23.5203 336.361 23.5803C336.811 23.6402 337.215 23.7601 337.575 23.9399C337.935 24.0898 338.279 24.3146 338.609 24.6144C338.939 24.9141 339.313 25.3188 339.733 25.8284L370.892 65.1701C370.742 63.9112 370.637 62.6972 370.577 61.5282C370.517 60.3292 370.487 59.2052 370.487 58.156V23.4903H383.886ZM411.883 35.1805V50.4675H432.476V61.708H411.883V77.3099H438.77V89H396.596V23.4903H438.77V35.1805H411.883ZM475.481 76.9951C477.519 76.9951 479.333 76.6654 480.922 76.006C482.54 75.3166 483.904 74.3424 485.013 73.0834C486.122 71.8245 486.961 70.2958 487.531 68.4973C488.13 66.6689 488.43 64.6006 488.43 62.2926V23.4903H503.627V62.2926C503.627 66.3092 502.968 69.9961 501.649 73.3532C500.36 76.7104 498.502 79.6029 496.074 82.0309C493.646 84.4588 490.693 86.3472 487.216 87.6961C483.739 89.045 479.827 89.7194 475.481 89.7194C471.105 89.7194 467.178 89.045 463.701 87.6961C460.224 86.3472 457.272 84.4588 454.844 82.0309C452.416 79.6029 450.557 76.7104 449.268 73.3532C447.979 69.9961 447.335 66.3092 447.335 62.2926V23.4903H462.532V62.2476C462.532 64.5556 462.817 66.6239 463.386 68.4524C463.986 70.2508 464.84 71.7945 465.949 73.0834C467.058 74.3424 468.407 75.3166 469.996 76.006C471.614 76.6654 473.443 76.9951 475.481 76.9951Z\\" fill=\\"#1C3557\\" />
                    </svg>
                  </Logo>
                </a>
              </Link>
              <div className=\\"Results__spacer\\" />
              <div className=\\"Results__searchwrapper\\">
                <SearchBar onSearch={[Function: setSearchQuery]} query=\\"cs\\" buttonColor=\\"#E63946\\">
                  <div className=\\"searchbar\\">
                    <input type=\\"search\\" id=\\"search_id\\" autoComplete=\\"off\\" spellCheck=\\"false\\" autoFocus={true} tabIndex={0} className=\\"searchbar__input\\" size={10} onKeyDown={[Function: onKeyDown]} onClick={[undefined]} onChange={[Function: onChange]} value=\\"cs\\" placeholder=\\"Class, professor, course number, \\"phrase\\"\\" />
                    <div onClick={[Function: search]} className=\\"searchbar__button\\" role=\\"button\\" tabIndex={0} style={{...}}>
                      <SvgMagnifyingGlass aria-label=\\"magnifying glass\\" className=\\"searchbar__magnifyingGlass\\">
                        <svg aria-label=\\"magnifying glass\\" className=\\"searchbar__magnifyingGlass\\" data-file-name=\\"SvgMagnifyingGlass\\" />
                      </SvgMagnifyingGlass>
                    </div>
                  </div>
                  <SearchInfoIcon>
                    <div className=\\"SearchInfoIcon\\">
                      <SvgInfoIcon className=\\"SearchInfoIcon__icon\\">
                        <svg className=\\"SearchInfoIcon__icon\\" data-file-name=\\"SvgInfoIcon\\" />
                      </SvgInfoIcon>
                      <Tooltip text=\\"Phrase search guarantees the exact search appears in the results. Ex. If you want the exact phrase \\"studio design\\" to appear in the search results, wrap it up in quotes.\\" direction=\\"DOWN\\">
                        <div className=\\"tooltip\\">
                          Phrase search guarantees the exact search appears in the results. Ex. If you want the exact phrase &quot;studio design&quot; to appear in the search results, wrap it up in quotes.
                          <div className=\\"tooltip__arrow--DOWN\\" />
                        </div>
                      </Tooltip>
                    </div>
                  </SearchInfoIcon>
                </SearchBar>
              </div>
              <div className=\\"Breadcrumb_Container\\">
                <div className=\\"Breadcrumb_Container__dropDownContainer\\">
                  <Memo(SearchDropdown) options={{...}} value=\\"NEU\\" className=\\"searchDropdown\\" compact={false}>
                    <Dropdown fluid={true} compact={false} text=\\"NEU\\" className=\\"selection searchDropdown \\" additionLabel=\\"Add \\" additionPosition=\\"top\\" closeOnBlur={true} closeOnEscape={true} deburr={false} icon=\\"dropdown\\" minCharacters={1} noResultsMessage=\\"No results found.\\" openOnFocus={true} renderLabel={[Function: renderItemContent]} searchInput=\\"text\\" selectOnBlur={true} selectOnNavigation={true} wrapSelection={true}>
                      <Ref innerRef={{...}}>
                        <RefFindNode innerRef={{...}}>
                          <div role=\\"listbox\\" aria-busy={[undefined]} aria-disabled={[undefined]} aria-expanded={false} aria-multiselectable={[undefined]} className=\\"ui fluid dropdown selection searchDropdown \\" onBlur={[Function (anonymous)]} onClick={[Function (anonymous)]} onKeyDown={[Function (anonymous)]} onMouseDown={[Function (anonymous)]} onFocus={[Function (anonymous)]} onChange={[Function (anonymous)]} tabIndex={0}>
                            <DropdownText className=\\"text\\" content=\\"NEU\\">
                              <div aria-atomic={true} aria-live=\\"polite\\" role=\\"alert\\" className=\\"divider text\\">
                                NEU
                              </div>
                            </DropdownText>
                            <Icon name=\\"dropdown\\" className=\\"\\" onClick={[Function: onClick]} as=\\"i\\">
                              <i onClick={[Function (anonymous)]} aria-hidden=\\"true\\" className=\\"dropdown icon\\" />
                            </Icon>
                            <DropdownMenu className=\\"\\">
                              <div className=\\"menu transition\\">
                                <Link href=\\"/NEU//search/cs\\">
                                  <DropdownItem selected={true} text=\\"NEU\\" onClick={[Function: onClick]} onMouseEnter={[Function (anonymous)]}>
                                    <div onMouseEnter={[Function (anonymous)]} role=\\"option\\" aria-disabled={[undefined]} aria-checked={[undefined]} aria-selected={true} className=\\"selected item\\" onClick={[Function (anonymous)]}>
                                      <span className=\\"text\\">
                                        NEU
                                      </span>
                                    </div>
                                  </DropdownItem>
                                </Link>
                                <Link href=\\"/CPS//search/cs\\">
                                  <DropdownItem selected={false} text=\\"CPS\\" onClick={[Function: onClick]} onMouseEnter={[Function (anonymous)]}>
                                    <div onMouseEnter={[Function (anonymous)]} role=\\"option\\" aria-disabled={[undefined]} aria-checked={[undefined]} aria-selected={false} className=\\"item\\" onClick={[Function (anonymous)]}>
                                      <span className=\\"text\\">
                                        CPS
                                      </span>
                                    </div>
                                  </DropdownItem>
                                </Link>
                                <Link href=\\"/LAW//search/cs\\">
                                  <DropdownItem selected={false} text=\\"LAW\\" onClick={[Function: onClick]} onMouseEnter={[Function (anonymous)]}>
                                    <div onMouseEnter={[Function (anonymous)]} role=\\"option\\" aria-disabled={[undefined]} aria-checked={[undefined]} aria-selected={false} className=\\"item\\" onClick={[Function (anonymous)]}>
                                      <span className=\\"text\\">
                                        LAW
                                      </span>
                                    </div>
                                  </DropdownItem>
                                </Link>
                              </div>
                            </DropdownMenu>
                          </div>
                        </RefFindNode>
                      </Ref>
                    </Dropdown>
                  </Memo(SearchDropdown)>
                </div>
                <span className=\\"Breadcrumb_Container__slash\\">
                  /
                </span>
                <div className=\\"Breadcrumb_Container__dropDownContainer\\">
                  <Memo(SearchDropdown) options={{...}} value=\\"202160\\" className=\\"searchDropdown\\" compact={false}>
                    <Dropdown fluid={true} compact={false} text=\\"\\" className=\\"selection searchDropdown \\" additionLabel=\\"Add \\" additionPosition=\\"top\\" closeOnBlur={true} closeOnEscape={true} deburr={false} icon=\\"dropdown\\" minCharacters={1} noResultsMessage=\\"No results found.\\" openOnFocus={true} renderLabel={[Function: renderItemContent]} searchInput=\\"text\\" selectOnBlur={true} selectOnNavigation={true} wrapSelection={true}>
                      <Ref innerRef={{...}}>
                        <RefFindNode innerRef={{...}}>
                          <div role=\\"listbox\\" aria-busy={[undefined]} aria-disabled={[undefined]} aria-expanded={false} aria-multiselectable={[undefined]} className=\\"ui fluid dropdown selection searchDropdown \\" onBlur={[Function (anonymous)]} onClick={[Function (anonymous)]} onKeyDown={[Function (anonymous)]} onMouseDown={[Function (anonymous)]} onFocus={[Function (anonymous)]} onChange={[Function (anonymous)]} tabIndex={0}>
                            <Icon name=\\"dropdown\\" className=\\"\\" onClick={[Function: onClick]} as=\\"i\\">
                              <i onClick={[Function (anonymous)]} aria-hidden=\\"true\\" className=\\"dropdown icon\\" />
                            </Icon>
                            <DropdownMenu className=\\"\\">
                              <div className=\\"menu transition\\" />
                            </DropdownMenu>
                          </div>
                        </RefFindNode>
                      </Ref>
                    </Dropdown>
                  </Memo(SearchDropdown)>
                </div>
              </div>
            </div>
          </div>
        </Header>
        <FeedbackModal>
          <div className=\\"FeedbackModal\\">
            <div className=\\"FeedbackModal__pill\\" role=\\"button\\" tabIndex={0} onClick={[Function: onClick]}>
              <LogoInput height=\\"14\\" width=\\"18\\" fill=\\"#d41b2c\\">
                <svg width=\\"18\\" height=\\"14\\" viewBox=\\"0 0 21 18\\" xmlns=\\"http://www.w3.org/2000/svg\\">
                  <path fill=\\"#d41b2c\\" d=\\"M20.2641 14.3784L20.0517 14.6298L18.2233 13.2152L18.4357 12.9639L17.6998 12.3894L16.7287 13.5168L15.75 14.6441L16.4859 15.2186L16.7059 14.9672L18.5343 16.3818L18.3143 16.6331L19.0502 17.2076L20.0289 16.0802L21 14.9457L20.2641 14.3784Z\\" />
                  <path fill=\\"#d41b2c\\" fillRule=\\"evenodd\\" clipRule=\\"evenodd\\" d=\\"M12.0972 0.47725C15.3355 1.53937 17.6151 4.21614 17.9514 7.35144C18.0703 8.3873 17.9706 9.43444 17.6578 10.4358C17.5845 10.7122 17.4866 10.9512 17.3888 11.1827L17.2828 11.3993C17.2238 11.5312 17.1596 11.6535 17.0944 11.7778C17.0784 11.8083 17.0623 11.8389 17.0463 11.8698L16.8995 12.1162C16.818 12.2556 16.7283 12.395 16.6304 12.5344L16.4674 12.766L16.3777 12.8929L16.8587 13.2514L16.4755 13.6771L16.0923 14.1028L15.603 13.7368C13.507 15.9287 10.2935 16.93 7.17303 16.3634C4.05252 15.7968 1.49907 13.7484 0.474553 10.9899C-0.549965 8.23142 0.110093 5.18185 2.20609 2.98995C2.39635 2.78084 2.59748 2.57919 2.80948 2.38502C5.24237 0.158005 8.85897 -0.584869 12.0972 0.47725ZM11.3465 14.844C13.7917 14.1531 15.6962 12.3857 16.4184 10.1371H16.4591C17.4884 6.94626 15.9196 3.53312 12.7085 1.97736C9.49738 0.421604 5.53406 1.15442 3.2334 3.72931C4.00951 4.33658 4.65877 5.06789 5.14958 5.88765C6.07312 7.49644 6.27778 9.37103 5.72036 11.1155C5.39287 12.0057 4.89901 12.8371 4.2608 13.5725C6.2406 15.0576 8.90121 15.535 11.3465 14.844Z\\" />
                </svg>
              </LogoInput>
              <p>
                SearchNEU Feedback
              </p>
            </div>
          </div>
        </FeedbackModal>
        <div className=\\"Results_Container\\">
          <div className=\\"Results_SidebarWrapper\\">
            <FilterPanel options={{...}} selected={{...}} setActive={[Function (anonymous)]}>
              <div className=\\"FilterPanel\\">
                <DropdownFilter title=\\"Subject\\" options={{...}} selected={{...}} setActive={[Function: setActiveFilter]}>
                  <div className=\\"DropdownFilter\\">
                    <div className=\\"DropdownFilter__title\\">
                      Subject
                    </div>
                    <div className=\\"DropdownFilter__dropdown\\" role=\\"button\\" tabIndex={0} onClick={[Function: handleClickOnTheDropdown]}>
                      <div className=\\"DropdownFilter__search disabled\\">
                        <input className=\\"DropdownFilter__input disabled\\" tabIndex={0} type=\\"text\\" value=\\"\\" placeholder=\\"No filters apply\\" onChange={[Function: onChange]} onClick={[Function: onClick]} />
                        <SvgDropdownArrow aria-label=\\"Dropdown arrow\\" className=\\"DropdownFilter__icon disabled\\">
                          <svg aria-label=\\"Dropdown arrow\\" className=\\"DropdownFilter__icon disabled\\" data-file-name=\\"SvgDropdownArrow\\" />
                        </SvgDropdownArrow>
                      </div>
                      <div className=\\"DropdownFilter__selectable\\" />
                    </div>
                  </div>
                </DropdownFilter>
                <DropdownFilter title=\\"NU Path\\" options={{...}} selected={{...}} setActive={[Function: setActiveFilter]}>
                  <div className=\\"DropdownFilter\\">
                    <div className=\\"DropdownFilter__title\\">
                      NU Path
                    </div>
                    <div className=\\"DropdownFilter__dropdown\\" role=\\"button\\" tabIndex={0} onClick={[Function: handleClickOnTheDropdown]}>
                      <div className=\\"DropdownFilter__search disabled\\">
                        <input className=\\"DropdownFilter__input disabled\\" tabIndex={0} type=\\"text\\" value=\\"\\" placeholder=\\"No filters apply\\" onChange={[Function: onChange]} onClick={[Function: onClick]} />
                        <SvgDropdownArrow aria-label=\\"Dropdown arrow\\" className=\\"DropdownFilter__icon disabled\\">
                          <svg aria-label=\\"Dropdown arrow\\" className=\\"DropdownFilter__icon disabled\\" data-file-name=\\"SvgDropdownArrow\\" />
                        </SvgDropdownArrow>
                      </div>
                      <div className=\\"DropdownFilter__selectable\\" />
                    </div>
                  </div>
                </DropdownFilter>
                <DropdownFilter title=\\"Campus\\" options={{...}} selected={{...}} setActive={[Function: setActiveFilter]}>
                  <div className=\\"DropdownFilter\\">
                    <div className=\\"DropdownFilter__title\\">
                      Campus
                    </div>
                    <div className=\\"DropdownFilter__dropdown\\" role=\\"button\\" tabIndex={0} onClick={[Function: handleClickOnTheDropdown]}>
                      <div className=\\"DropdownFilter__search disabled\\">
                        <input className=\\"DropdownFilter__input disabled\\" tabIndex={0} type=\\"text\\" value=\\"\\" placeholder=\\"No filters apply\\" onChange={[Function: onChange]} onClick={[Function: onClick]} />
                        <SvgDropdownArrow aria-label=\\"Dropdown arrow\\" className=\\"DropdownFilter__icon disabled\\">
                          <svg aria-label=\\"Dropdown arrow\\" className=\\"DropdownFilter__icon disabled\\" data-file-name=\\"SvgDropdownArrow\\" />
                        </SvgDropdownArrow>
                      </div>
                      <div className=\\"DropdownFilter__selectable\\" />
                    </div>
                  </div>
                </DropdownFilter>
                <ToggleFilter title=\\"Honors\\" selected={false} setActive={[Function: setActiveFilter]}>
                  <div className=\\"toggleFilter\\">
                    <div className=\\"filter__title\\">
                      <p>
                        Honors
                      </p>
                    </div>
                    <div className=\\"toggleSwitch\\">
                      <input className=\\"react-switch-checkbox\\" type=\\"checkbox\\" onChange={[Function: onChange]} id=\\"react-switch-1\\" defaultChecked={false} checked={false} />
                      <label className=\\"react-switch-label\\" htmlFor=\\"react-switch-1\\">
                        <span className=\\"react-switch-button\\" />
                      </label>
                    </div>
                  </div>
                </ToggleFilter>
                <CheckboxFilter title=\\"Class Type\\" options={{...}} selected={{...}} setActive={[Function: setActiveFilter]}>
                  <div className=\\"CheckboxFilter\\">
                    <span className=\\"CheckboxFilter__title\\">
                      Class Type
                    </span>
                    <CheckboxGroup name=\\"CheckboxFilter\\" value={{...}} onChange={[Function: setActiveFilter]} />
                  </div>
                </CheckboxFilter>
                <RangeFilter title=\\"Course ID Range\\" selected={{...}} setActive={[Function: setActiveFilter]}>
                  <div className=\\"RangeFilter\\">
                    <div className=\\"RangeFilter__title\\">
                      <p>
                        Course ID Range
                      </p>
                    </div>
                    <div className=\\"RangeFilter__input\\">
                      <Slider range={true} marks={{...}} allowCross={false} min={1000} max={6000} defaultValue={{...}} step={1000} onChange={[Function: onChange]} className=\\"RangeFilter__slider\\" value={{...}}>
                        <div className=\\"rc-slider RangeFilter__slider rc-slider-horizontal rc-slider-with-marks\\" style={[undefined]} onMouseDown={[Function: onSliderMouseDown]}>
                          <div className=\\"rc-slider-rail\\" style={[undefined]} />
                          <Tracks prefixCls=\\"rc-slider\\" style={[undefined]} values={{...}} startPoint={[undefined]} onStartMove={{...}}>
                            <Track index={0} prefixCls=\\"rc-slider\\" style={[undefined]} start={1000} end={6000} onStartMove={{...}}>
                              <div className=\\"rc-slider-track rc-slider-track-1\\" style={{...}} onMouseDown={[Function: onInternalStartMove]} onTouchStart={[Function: onInternalStartMove]} />
                            </Track>
                          </Tracks>
                          <Steps prefixCls=\\"rc-slider\\" marks={{...}} dots={[undefined]} style={[undefined]} activeStyle={[undefined]}>
                            <div className=\\"rc-slider-step\\">
                              <Dot prefixCls=\\"rc-slider\\" value={1000} style={[undefined]} activeStyle={[undefined]}>
                                <span className=\\"rc-slider-dot rc-slider-dot-active\\" style={{...}} />
                              </Dot>
                              <Dot prefixCls=\\"rc-slider\\" value={2000} style={[undefined]} activeStyle={[undefined]}>
                                <span className=\\"rc-slider-dot rc-slider-dot-active\\" style={{...}} />
                              </Dot>
                              <Dot prefixCls=\\"rc-slider\\" value={3000} style={[undefined]} activeStyle={[undefined]}>
                                <span className=\\"rc-slider-dot rc-slider-dot-active\\" style={{...}} />
                              </Dot>
                              <Dot prefixCls=\\"rc-slider\\" value={4000} style={[undefined]} activeStyle={[undefined]}>
                                <span className=\\"rc-slider-dot rc-slider-dot-active\\" style={{...}} />
                              </Dot>
                              <Dot prefixCls=\\"rc-slider\\" value={5000} style={[undefined]} activeStyle={[undefined]}>
                                <span className=\\"rc-slider-dot rc-slider-dot-active\\" style={{...}} />
                              </Dot>
                              <Dot prefixCls=\\"rc-slider\\" value={6000} style={[undefined]} activeStyle={[undefined]}>
                                <span className=\\"rc-slider-dot rc-slider-dot-active\\" style={{...}} />
                              </Dot>
                            </div>
                          </Steps>
                          <Handles prefixCls=\\"rc-slider\\" style={[undefined]} values={{...}} draggingIndex={-1} onStartMove={[Function: onStartMove]} onOffsetChange={[Function: onHandleOffsetChange]} onFocus={[undefined]} onBlur={[undefined]} handleRender={[undefined]}>
                            <Handle dragging={false} prefixCls=\\"rc-slider\\" style={[undefined]} value={1000} valueIndex={0} onStartMove={[Function: onStartMove]} onOffsetChange={[Function: onHandleOffsetChange]} render={[undefined]} onFocus={[undefined]} onBlur={[undefined]}>
                              <div className=\\"rc-slider-handle rc-slider-handle-1\\" style={{...}} onMouseDown={[Function: onInternalStartMove]} onTouchStart={[Function: onInternalStartMove]} onKeyDown={[Function: onKeyDown]} tabIndex={0} role=\\"slider\\" aria-valuemin={1000} aria-valuemax={6000} aria-valuenow={1000} aria-disabled={false} aria-label={[undefined]} aria-labelledby={[undefined]} aria-valuetext={[undefined]} onFocus={[undefined]} onBlur={[undefined]} />
                            </Handle>
                            <Handle dragging={false} prefixCls=\\"rc-slider\\" style={[undefined]} value={6000} valueIndex={1} onStartMove={[Function: onStartMove]} onOffsetChange={[Function: onHandleOffsetChange]} render={[undefined]} onFocus={[undefined]} onBlur={[undefined]}>
                              <div className=\\"rc-slider-handle rc-slider-handle-2\\" style={{...}} onMouseDown={[Function: onInternalStartMove]} onTouchStart={[Function: onInternalStartMove]} onKeyDown={[Function: onKeyDown]} tabIndex={0} role=\\"slider\\" aria-valuemin={1000} aria-valuemax={6000} aria-valuenow={6000} aria-disabled={false} aria-label={[undefined]} aria-labelledby={[undefined]} aria-valuetext={[undefined]} onFocus={[undefined]} onBlur={[undefined]} />
                            </Handle>
                          </Handles>
                          <Marks prefixCls=\\"rc-slider\\" marks={{...}} onClick={[Function: changeToCloseValue]}>
                            <div className=\\"rc-slider-mark\\">
                              <Mark prefixCls=\\"rc-slider-mark\\" style={[undefined]} value={1000} onClick={[Function: changeToCloseValue]}>
                                <span className=\\"rc-slider-mark-text rc-slider-mark-text-active\\" style={{...}} onMouseDown={[Function: onMouseDown]} onClick={[Function: onClick]}>
                                  1000
                                </span>
                              </Mark>
                              <Mark prefixCls=\\"rc-slider-mark\\" style={[undefined]} value={2000} onClick={[Function: changeToCloseValue]}>
                                <span className=\\"rc-slider-mark-text rc-slider-mark-text-active\\" style={{...}} onMouseDown={[Function: onMouseDown]} onClick={[Function: onClick]}>
                                  2000
                                </span>
                              </Mark>
                              <Mark prefixCls=\\"rc-slider-mark\\" style={[undefined]} value={3000} onClick={[Function: changeToCloseValue]}>
                                <span className=\\"rc-slider-mark-text rc-slider-mark-text-active\\" style={{...}} onMouseDown={[Function: onMouseDown]} onClick={[Function: onClick]}>
                                  3000
                                </span>
                              </Mark>
                              <Mark prefixCls=\\"rc-slider-mark\\" style={[undefined]} value={4000} onClick={[Function: changeToCloseValue]}>
                                <span className=\\"rc-slider-mark-text rc-slider-mark-text-active\\" style={{...}} onMouseDown={[Function: onMouseDown]} onClick={[Function: onClick]}>
                                  4000
                                </span>
                              </Mark>
                              <Mark prefixCls=\\"rc-slider-mark\\" style={[undefined]} value={5000} onClick={[Function: changeToCloseValue]}>
                                <span className=\\"rc-slider-mark-text rc-slider-mark-text-active\\" style={{...}} onMouseDown={[Function: onMouseDown]} onClick={[Function: onClick]}>
                                  5000
                                </span>
                              </Mark>
                              <Mark prefixCls=\\"rc-slider-mark\\" style={[undefined]} value={6000} onClick={[Function: changeToCloseValue]}>
                                <span className=\\"rc-slider-mark-text rc-slider-mark-text-active\\" style={{...}} onMouseDown={[Function: onMouseDown]} onClick={[Function: onClick]}>
                                  6000
                                </span>
                              </Mark>
                            </div>
                          </Marks>
                        </div>
                      </Slider>
                      <div role=\\"button\\" tabIndex={0} className=\\"RangeFilter__apply-input\\" onClick={[Function: onClick]}>
                        <p>
                          Apply
                        </p>
                      </div>
                    </div>
                  </div>
                </RangeFilter>
              </div>
            </FilterPanel>
          </div>
          <div className=\\"Results_SidebarSpacer\\" />
          <div className=\\"Results_Main\\">
            <div className=\\"Results_Aggregation\\">
              <TotalResultsDisplay />
            </div>
            <LoadingContainer>
              <div style={{...}} />
            </LoadingContainer>
            <Memo(Footer)>
              <div className=\\"footer\\">
                <div className=\\"footer ui basic center aligned segment\\">
                  Interested in how SearchNEU works? Check out our
                  <a target=\\"_blank\\" rel=\\"noopener noreferrer\\" href=\\"https://docs.searchneu.com/\\">
                     documentation!
                  </a>
                </div>
                <div className=\\"ui divider\\" />
                <div className=\\"footer ui basic center aligned segment\\">
                  See an issue or want to add to this website? Fork it or create an issue on
                  <a target=\\"_blank\\" rel=\\"noopener noreferrer\\" href=\\"https://github.com/sandboxnu/searchneu\\">
                     GitHub
                  </a>
                  .
                </div>
                <div className=\\"ui divider\\" />
                <div className=\\"footer ui basic center aligned segment credits\\">
                  A 
                  <a target=\\"_blank\\" rel=\\"noopener noreferrer\\" href=\\"https://www.sandboxneu.com\\">
                    Sandbox
                  </a>
                   Project (founded by 
                  <a target=\\"_blank\\" rel=\\"noopener noreferrer\\" href=\\"http://github.com/ryanhugh\\">
                    Ryan Hughes
                  </a>
                  , with some awesome 
                  <a target=\\"_blank\\" rel=\\"noopener noreferrer\\" href=\\"https://github.com/sandboxnu/searchneu/graphs/contributors\\">
                    contributors
                  </a>
                  )
                </div>
                <div className=\\"footer ui basic center aligned segment affiliation\\">
                  Search NEU is built for students by students &amp; is not affiliated with NEU.
                </div>
                <div className=\\"footer ui basic center aligned segment contact\\">
                  <a role=\\"button\\" tabIndex={0} onClick={[Function: toggleModal]}>
                    Feedback
                  </a>
                   • 
                  <a role=\\"button\\" tabIndex={0} onClick={[Function: toggleModal]}>
                    Report a bug
                  </a>
                   • 
                  <a role=\\"button\\" tabIndex={0} onClick={[Function: toggleModal]}>
                    Contact
                  </a>
                </div>
              </div>
              <FeedbackModal toggleForm={[Function: toggleModal]} feedbackModalOpen={false}>
                <div className=\\"feedback-container\\">
                  <Transition in={false} timeout={500} mountOnEnter={false} unmountOnExit={false} appear={false} enter={true} exit={true} onEnter={[Function: noop]} onEntering={[Function: noop]} onEntered={[Function: noop]} onExit={[Function: noop]} onExiting={[Function: noop]} onExited={[Function: noop]}>
                    <Message success={true} className=\\"alertMessage\\" header=\\"Your submission was successful.\\" style={{...}} onDismiss={[Function: bound hideMessage]}>
                      <div style={{...}} className=\\"ui success message alertMessage\\">
                        <Icon name=\\"close\\" onClick={[Function (anonymous)]} as=\\"i\\">
                          <i onClick={[Function (anonymous)]} aria-hidden=\\"true\\" className=\\"close icon\\" />
                        </Icon>
                        <MessageContent>
                          <div className=\\"content\\">
                            <MessageHeader content=\\"Your submission was successful.\\">
                              <div className=\\"header\\">
                                Your submission was successful.
                              </div>
                            </MessageHeader>
                          </div>
                        </MessageContent>
                      </div>
                    </Message>
                  </Transition>
                  <Modal open={false} onClose={[Function: toggleModal]} size=\\"small\\" className=\\"feedback-modal-container\\" centered={true} dimmer={true} closeOnDimmerClick={true} closeOnDocumentClick={false} eventPool=\\"Modal\\">
                    <Portal closeOnDocumentClick={false} trigger={[undefined]} eventPool=\\"Modal\\" mountNode={{...}} open={false} onClose={[Function (anonymous)]} onMount={[Function (anonymous)]} onOpen={[Function (anonymous)]} onUnmount={[Function (anonymous)]} closeOnEscape={true} openOnTriggerClick={true} />
                  </Modal>
                </div>
              </FeedbackModal>
            </Memo(Footer)>
          </div>
        </div>
        <div className=\\"botttomPadding\\" />
      </div>
    </Results>
  </LocationProvider>
</QueryParamProvider>"
`;
